WARNING: the district 서울특별시 비례대표 선거구 (Q50739120) wasn't found in the boundary data for position 서울특별시의원동정 (Q50257366)
WARNING: the district 강원도 비례대표 선거구 (Q50739772) wasn't found in the boundary data for position 강원도의원동정 (Q50559021)
WARNING: the district 경상북도 비례대표 선거구 (Q50739265) wasn't found in the boundary data for position 경상북도의원동정 (Q50559328)
WARNING: the district 광주광역시 비례대표 선거구 (Q50738590) wasn't found in the boundary data for position 광주광역시의원동정 (Q50277114)
WARNING: the district 경상남도 비례대표 선거구 (Q50736662) wasn't found in the boundary data for position 경상남도의원동정 (Q50559353)
WARNING: the district 대구광역시 비례대표 선거구 (Q50737937) wasn't found in the boundary data for position 대구광역시의원동정 (Q50559494)
WARNING: the district 대전광역시 비례대표 선거구 (Q50737036) wasn't found in the boundary data for position 대전광역시의원동정 (Q50559446)
WARNING: the district 세종특별자치시 비례대표 선거구 (Q50736686) wasn't found in the boundary data for position 세종특별자치시의원동정 (Q50559074)
WARNING: the district 울산광역시 비례대표 선거구 (Q50738092) wasn't found in the boundary data for position 울산광역시의원동정 (Q50558615)
WARNING: the district 인천광역시 비례대표 선거구 (Q50737653) wasn't found in the boundary data for position 인천광역시의원동정 (Q50559472)
WARNING: the district 서구제3선거구 (Q50573262) wasn't found in the boundary data for position 인천광역시의원동정 (Q50559472)
WARNING: the district 전라남도 비례대표 선거구 (Q50739830) wasn't found in the boundary data for position 전라남도의원동정 (Q50559426)
WARNING: the district 충청남도 비례대표 선거구 (Q50737263) wasn't found in the boundary data for position 충청남도의원동정 (Q50558073)
WARNING: the district 충청북도 비례대표 선거구 (Q50737718) wasn't found in the boundary data for position 충청북도의원동정 (Q50559246)
WARNING: the district 제주특별자치도 비례대표 선거구 (Q50738033) wasn't found in the boundary data for position 제주특별자치도의원동정 (Q50559384)
WARNING: the district 경기도 비례대표 선거구 (Q50739662) wasn't found in the boundary data for position 경기도의원동정 (Q50559168)
WARNING: the district 전라북도 비례대표 선거구 (Q50739972) wasn't found in the boundary data for position 전라북도의원동정 (Q50559371)
WARNING: the district 대한민국 (Q884) wasn't found in the boundary data for position 대한민국의 대통령 (Q6296418)
